// Jest Snapshot v1, https://goo.gl/fbAQLP

exports[`renders correctly 1`] = `
<header
  className="container remove-padding bg-dark text-white"
>
  <nav
    className="container-fluid d-flex justify-content-between py-3"
  >
    <div
      className="d-flex align-items-center justify-content-between w-sm-100 w-75"
    >
      <h5
        className="d-none d-md-flex"
      >
        <a
          className="text-info"
          href="/"
        >
          <span
            className=""
          >
            Best Trader
          </span>
          <span
            className="d-inline-block fs-6 fw-1"
          >
            TM
          </span>
        </a>
      </h5>
      <div
        className="d-flex justify-content-center align-items-center"
      >
        <div
          className="input-group"
        >
          <input
            className="form-control"
            onChange={[Function]}
            placeholder="market"
            type="text"
          />
        </div>
        <select
          className="form-select nav-item mx-3"
          onChange={[Function]}
        >
          <option>
             
          </option>
          <option>
            All
          </option>
        </select>
      </div>
    </div>
  </nav>
</header>
`;
